// Jest Snapshot v1, https://goo.gl/fbAQLP

exports[`Pruebas en GiftItem Debe hacer match con el snapshot 1`] = `
<div>
  <div
    class="card"
  >
    <img
      alt="Prueba Title"
      src="http://www.google.com/"
    />
    <p>
      Prueba Title
    </p>
  </div>
</div>
`;
